#0 building with "desktop-linux" instance using docker driver

#1 [internal] load build definition from Dockerfile
#1 transferring dockerfile: 844B 0.0s done
#1 DONE 0.0s

#2 [internal] load metadata for docker.io/library/python:3.12-slim-bookworm@sha256:392307d22300de8b5986851a12d9176dfc0fc073e65bf6523ebd7dcbeb23564e
#2 DONE 0.0s

#3 [internal] load .dockerignore
#3 transferring context: 188B done
#3 DONE 0.0s

#4 [internal] load build context
#4 transferring context: 394B done
#4 DONE 0.0s

#5 [1/5] FROM docker.io/library/python:3.12-slim-bookworm@sha256:392307d22300de8b5986851a12d9176dfc0fc073e65bf6523ebd7dcbeb23564e
#5 resolve docker.io/library/python:3.12-slim-bookworm@sha256:392307d22300de8b5986851a12d9176dfc0fc073e65bf6523ebd7dcbeb23564e 0.0s done
#5 DONE 0.0s

#6 [4/5] COPY --chmod=644 json_values.py legacy_model.py stage2_model.py stage3_model.py planning.py model.py engine.py server.py ./
#6 CACHED

#7 [2/5] WORKDIR /app
#7 CACHED

#8 [3/5] RUN apt-get update && apt-get install -y --no-install-recommends fonts-liberation2 && rm -rf /var/lib/apt/lists/* && mkdir -p /app/static && cp /usr/share/fonts/truetype/liberation2/LiberationSerif-Regular.ttf /app/static/Serif-Regular.ttf && cp /usr/share/fonts/truetype/liberation2/LiberationSans-Regular.ttf /app/static/Sans-Regular.ttf && cp /usr/share/doc/fonts-liberation2/copyright /app/static/FONT-LICENSE
#8 CACHED

#9 [5/5] COPY --chmod=755 static/ ./static/
#9 CACHED

#10 exporting to image
#10 exporting layers done
#10 exporting manifest sha256:ac5175f03a8a96358646620768d5f10f7a3073906760ca4668f0cf7544ddd6ac done
#10 exporting config sha256:cb36c34bfdebe8ee4fceaf0c12f50f9987e638e972dbcb1553ddc0577f068f32 done
#10 exporting attestation manifest sha256:9975c0f3a88481bdf112f1990d0584051ea9a414a5b23332b37173e571bf9a88 done
#10 exporting manifest list sha256:8dd8d546f72b20820de2c78708a7cc43d4488d8bc8b78bbe899455b30c6f7473 done
#10 naming to docker.io/library/reviewer-tablekeeper-s4:d6b3c0fee8af done
#10 unpacking to docker.io/library/reviewer-tablekeeper-s4:d6b3c0fee8af done
#10 DONE 0.0s
