#0 building with "desktop-linux" instance using docker driver

#1 [internal] load build definition from Dockerfile
#1 transferring dockerfile: 844B 0.0s done
#1 DONE 0.0s

#2 [internal] load metadata for docker.io/library/python:3.12-slim-bookworm@sha256:392307d22300de8b5986851a12d9176dfc0fc073e65bf6523ebd7dcbeb23564e
#2 DONE 0.0s

#3 [internal] load .dockerignore
#3 transferring context: 188B done
#3 DONE 0.0s

#4 [internal] load build context
#4 transferring context: 394B done
#4 DONE 0.0s

#5 [1/5] FROM docker.io/library/python:3.12-slim-bookworm@sha256:392307d22300de8b5986851a12d9176dfc0fc073e65bf6523ebd7dcbeb23564e
#5 resolve docker.io/library/python:3.12-slim-bookworm@sha256:392307d22300de8b5986851a12d9176dfc0fc073e65bf6523ebd7dcbeb23564e 0.0s done
#5 DONE 0.0s

#6 [2/5] WORKDIR /app
#6 CACHED

#7 [3/5] RUN apt-get update && apt-get install -y --no-install-recommends fonts-liberation2 && rm -rf /var/lib/apt/lists/* && mkdir -p /app/static && cp /usr/share/fonts/truetype/liberation2/LiberationSerif-Regular.ttf /app/static/Serif-Regular.ttf && cp /usr/share/fonts/truetype/liberation2/LiberationSans-Regular.ttf /app/static/Sans-Regular.ttf && cp /usr/share/doc/fonts-liberation2/copyright /app/static/FONT-LICENSE
#7 CACHED

#8 [4/5] COPY --chmod=644 json_values.py legacy_model.py stage2_model.py stage3_model.py planning.py model.py engine.py server.py ./
#8 CACHED

#9 [5/5] COPY --chmod=755 static/ ./static/
#9 CACHED

#10 exporting to image
#10 exporting layers done
#10 exporting manifest sha256:b0ff1a2171562ea9dc1a61d5c04988c5437a56aefaa40c69ede847279ab26de9 done
#10 exporting config sha256:b59ecb1840ccd3f6cad29cebda0b0755a0d0a1f6d6d889cc50b084513bb945e2 done
#10 exporting attestation manifest sha256:d9d9d15214a4b67d875188f9466857ab8108a7dbfe8308de5f1a382ce194ecc5
#10 exporting attestation manifest sha256:d9d9d15214a4b67d875188f9466857ab8108a7dbfe8308de5f1a382ce194ecc5 done
#10 exporting manifest list sha256:b8c771521b5ea50ca2a46a74c2bcb5be4cfcf6f616e6156d7920c109c7ca70dd done
#10 naming to docker.io/library/reviewer-tablekeeper-s4:8c6df7f369f0 0.0s done
#10 unpacking to docker.io/library/reviewer-tablekeeper-s4:8c6df7f369f0 done
#10 DONE 0.1s
