#0 building with "desktop-linux" instance using docker driver

#1 [internal] load build definition from Dockerfile
#1 transferring dockerfile: 335B 0.0s done
#1 DONE 0.0s

#2 [internal] load metadata for docker.io/library/python:3.12-slim-bookworm@sha256:392307d22300de8b5986851a12d9176dfc0fc073e65bf6523ebd7dcbeb23564e
#2 DONE 0.0s

#3 [internal] load .dockerignore
#3 transferring context: 102B done
#3 DONE 0.0s

#4 [internal] load build context
#4 transferring context: 122B done
#4 DONE 0.0s

#5 [1/3] FROM docker.io/library/python:3.12-slim-bookworm@sha256:392307d22300de8b5986851a12d9176dfc0fc073e65bf6523ebd7dcbeb23564e
#5 resolve docker.io/library/python:3.12-slim-bookworm@sha256:392307d22300de8b5986851a12d9176dfc0fc073e65bf6523ebd7dcbeb23564e done
#5 DONE 0.0s

#6 [2/3] WORKDIR /app
#6 CACHED

#7 [3/3] COPY --chmod=644 json_values.py model.py engine.py server.py ./
#7 CACHED

#8 exporting to image
#8 exporting layers done
#8 exporting manifest sha256:e675a758111379e01f8f616a24939d099eb6ce6c43def178619dba10637b0184 done
#8 exporting config sha256:764fa94501e5b2fdded6d03c0ee2b21cc7ded6ed2c7d10c7391e8c05313b1548 done
#8 exporting attestation manifest sha256:9e9d2b045155df4c2058fcf2a77b4adc2cbd19a110679fbae64b0cfc62eaf677 done
#8 exporting manifest list sha256:33a4057369aa262a7747cbbe10753e8d16f37a6a306d9418775f057359606770 done
#8 naming to docker.io/library/reviewer-tablekeeper-s1:0f96bf0cd889 done
#8 unpacking to docker.io/library/reviewer-tablekeeper-s1:0f96bf0cd889 done
#8 DONE 0.1s
