#0 building with "desktop-linux" instance using docker driver

#1 [internal] load build definition from Dockerfile
#1 transferring dockerfile: 800B 0.0s done
#1 DONE 0.0s

#2 [internal] load metadata for docker.io/library/python:3.12-slim-bookworm@sha256:392307d22300de8b5986851a12d9176dfc0fc073e65bf6523ebd7dcbeb23564e
#2 DONE 0.0s

#3 [internal] load .dockerignore
#3 transferring context: 139B done
#3 DONE 0.0s

#4 [internal] load build context
#4 transferring context: 291B done
#4 DONE 0.0s

#5 [1/5] FROM docker.io/library/python:3.12-slim-bookworm@sha256:392307d22300de8b5986851a12d9176dfc0fc073e65bf6523ebd7dcbeb23564e
#5 resolve docker.io/library/python:3.12-slim-bookworm@sha256:392307d22300de8b5986851a12d9176dfc0fc073e65bf6523ebd7dcbeb23564e done
#5 DONE 0.0s

#6 [2/5] WORKDIR /app
#6 CACHED

#7 [4/5] COPY --chmod=644 json_values.py legacy_model.py model.py engine.py server.py ./
#7 CACHED

#8 [3/5] RUN apt-get update && apt-get install -y --no-install-recommends fonts-liberation2 && rm -rf /var/lib/apt/lists/* && mkdir -p /app/static && cp /usr/share/fonts/truetype/liberation2/LiberationSerif-Regular.ttf /app/static/Serif-Regular.ttf && cp /usr/share/fonts/truetype/liberation2/LiberationSans-Regular.ttf /app/static/Sans-Regular.ttf && cp /usr/share/doc/fonts-liberation2/copyright /app/static/FONT-LICENSE
#8 CACHED

#9 [5/5] COPY --chmod=755 static/ ./static/
#9 CACHED

#10 exporting to image
#10 exporting layers done
#10 exporting manifest sha256:1b78f5fba0e880ec1dbe3132125f77c5150d1c3b0defadef0657baf4a62fbd75 done
#10 exporting config sha256:78ed6fbaac527372e8f11b68bb9c987c8708bbb35067e2898e3ebbc4f7ba083e done
#10 exporting attestation manifest sha256:2fd600d9422529d869b911230610d8a23ddf9f7d6c26ec4df6444083e6630e34 done
#10 exporting manifest list sha256:646be3847fb0ce27a62e5c54e2113a372b71f537320ce9918cff24ca4503080e done
#10 naming to docker.io/library/reviewer-tablekeeper-s2:2e026c006569 done
#10 unpacking to docker.io/library/reviewer-tablekeeper-s2:2e026c006569 done
#10 DONE 0.0s
