test_01_public_configuration_and_seed (reviewer_inherited.SpecChecks.test_01_public_configuration_and_seed) ... ok
test_02_authentication_and_sessions (reviewer_inherited.SpecChecks.test_02_authentication_and_sessions) ... ok
test_03_type_format_and_missing_errors (reviewer_inherited.SpecChecks.test_03_type_format_and_missing_errors) ... ok
test_04_past_dates_seed_ids_and_reset (reviewer_inherited.SpecChecks.test_04_past_dates_seed_ids_and_reset) ... ok
test_05_create_errors_and_half_open (reviewer_inherited.SpecChecks.test_05_create_errors_and_half_open) ... ok
test_06_parsed_json_idempotency_and_receipts (reviewer_inherited.SpecChecks.test_06_parsed_json_idempotency_and_receipts) ... ok
test_07_50_concurrent_unique_create_contention (reviewer_inherited.SpecChecks.test_07_50_concurrent_unique_create_contention) ... ok
test_08_50_concurrent_identical_create (reviewer_inherited.SpecChecks.test_08_50_concurrent_identical_create) ... ok
test_09_list_privacy_patch_cancel (reviewer_inherited.SpecChecks.test_09_list_privacy_patch_cancel) ... ok
test_10_cutoff_uses_old_start (reviewer_inherited.SpecChecks.test_10_cutoff_uses_old_start) ... ok
test_11_dst_gaps_folds_absolute_duration (reviewer_inherited.SpecChecks.test_11_dst_gaps_folds_absolute_duration) ... ok
test_12_moves_shapes_privacy_and_cross_restaurant (reviewer_inherited.SpecChecks.test_12_moves_shapes_privacy_and_cross_restaurant) ... ok
test_13_eight_cycle_noop_and_rollback (reviewer_inherited.SpecChecks.test_13_eight_cycle_noop_and_rollback) ... ok
test_14_moves_input_order_nonoccupancy_precedence (reviewer_inherited.SpecChecks.test_14_moves_input_order_nonoccupancy_precedence) ... ok
test_15_50_identical_moves_and_original_replay (reviewer_inherited.SpecChecks.test_15_50_identical_moves_and_original_replay) ... ok
test_16_50_amendments_single_destination (reviewer_inherited.SpecChecks.test_16_50_amendments_single_destination) ... ok
test_17_independent_process_snapshot_restore (reviewer_inherited.SpecChecks.test_17_independent_process_snapshot_restore) ... ok
test_18_50_logins_preserve_every_session (reviewer_inherited.SpecChecks.test_18_50_logins_preserve_every_session) ... ok
test_19_fixture_numeric_types_and_invalid_ranges (reviewer_inherited.SpecChecks.test_19_fixture_numeric_types_and_invalid_ranges) ... ok
test_20_dst_closing_and_grid_from_offset_open (reviewer_inherited.SpecChecks.test_20_dst_closing_and_grid_from_offset_open) ... ok
test_21_deep_ignored_body_is_atomic_and_replayable (reviewer_inherited.SpecChecks.test_21_deep_ignored_body_is_atomic_and_replayable) ... ok
test_22_same_body_cross_path_and_numeric_equality (reviewer_inherited.SpecChecks.test_22_same_body_cross_path_and_numeric_equality) ... ok
test_23_concurrent_atomic_export_and_moves (reviewer_inherited.SpecChecks.test_23_concurrent_atomic_export_and_moves) ... ok
test_24_deep_moves_commit_and_receipt_together (reviewer_inherited.SpecChecks.test_24_deep_moves_commit_and_receipt_together) ... ok
test_25_table_ids_are_scoped_by_restaurant (reviewer_inherited.SpecChecks.test_25_table_ids_are_scoped_by_restaurant) ... ok
test_26_opaque_restaurant_ids_remain_publicly_addressable (reviewer_inherited.SpecChecks.test_26_opaque_restaurant_ids_remain_publicly_addressable) ... ok
test_27_deep_decoder_syntax_retry_and_portable_receipts (reviewer_inherited.SpecChecks.test_27_deep_decoder_syntax_retry_and_portable_receipts) ... ok
test_28_encoded_reference_keeps_ownership_and_auth (reviewer_inherited.SpecChecks.test_28_encoded_reference_keeps_ownership_and_auth) ... ok
test_pair_01_options_exact_order_and_capacity (reviewer_pair_checks.PairChecks.test_pair_01_options_exact_order_and_capacity) ... ok
test_pair_02_validation_keys_and_canonical_order (reviewer_pair_checks.PairChecks.test_pair_02_validation_keys_and_canonical_order) ... ok
test_pair_03_occupancy_adjacency_and_cancelled_seed (reviewer_pair_checks.PairChecks.test_pair_03_occupancy_adjacency_and_cancelled_seed) ... ok
test_pair_04_patch_transitions_and_failed_atomicity (reviewer_pair_checks.PairChecks.test_pair_04_patch_transitions_and_failed_atomicity) ... ok
test_pair_05_batch_swap_rollback_and_receipt (reviewer_pair_checks.PairChecks.test_pair_05_batch_swap_rollback_and_receipt) ... ok
test_pair_06_fifty_conflicts_and_fifty_identical (reviewer_pair_checks.PairChecks.test_pair_06_fifty_conflicts_and_fifty_identical) ... ok
test_pair_07_pair_snapshot_replacement (reviewer_pair_checks.PairChecks.test_pair_07_pair_snapshot_replacement) ... ok
test_pair_08_actual_stage1_upgrade_original_receipts (reviewer_pair_checks.PairChecks.test_pair_08_actual_stage1_upgrade_original_receipts) ... ok
test_policy_01_explain_independent_truth_table (reviewer_policy_checks.PolicyChecks.test_policy_01_explain_independent_truth_table) ... ok
test_policy_02_validation_authorization_version_allocation (reviewer_policy_checks.PolicyChecks.test_policy_02_validation_authorization_version_allocation) ... ok
test_policy_03_effective_date_ties_and_nonretroactivity (reviewer_policy_checks.PolicyChecks.test_policy_03_effective_date_ties_and_nonretroactivity) ... ok
test_policy_04_noop_real_change_terms_and_expected_revision (reviewer_policy_checks.PolicyChecks.test_policy_04_noop_real_change_terms_and_expected_revision) ... ok
test_policy_05_history_privacy_and_cancel (reviewer_policy_checks.PolicyChecks.test_policy_05_history_privacy_and_cancel) ... ok
test_policy_06_pair_history_and_reversed_noop (reviewer_policy_checks.PolicyChecks.test_policy_06_pair_history_and_reversed_noop) ... ok
test_policy_07_concurrent_publication_and_cas (reviewer_policy_checks.PolicyChecks.test_policy_07_concurrent_publication_and_cas) ... ok
test_series_01_anchor_identity_dates_and_original_receipt (reviewer_policy_checks.PolicyChecks.test_series_01_anchor_identity_dates_and_original_receipt) ... ok
test_series_02_validation_rollback_and_failed_key_reuse (reviewer_policy_checks.PolicyChecks.test_series_02_validation_rollback_and_failed_key_reuse) ... ok
test_series_03_exception_cancel_noop_and_batch_revision (reviewer_policy_checks.PolicyChecks.test_series_03_exception_cancel_noop_and_batch_revision) ... ok
test_series_04_future_dst_gap_and_policy_per_occurrence (reviewer_policy_checks.PolicyChecks.test_series_04_future_dst_gap_and_policy_per_occurrence) ... ok
test_policy_extra_01_old_accepted_cutoff_precedes_new_rules (reviewer_upgrade_checks.UpgradeChecks.test_policy_extra_01_old_accepted_cutoff_precedes_new_rules) ... ok
test_policy_extra_02_concurrent_distinct_versions_and_paths (reviewer_upgrade_checks.UpgradeChecks.test_policy_extra_02_concurrent_distinct_versions_and_paths) ... ok
test_policy_extra_03_scopes_ignored_body_and_pair_capacity (reviewer_upgrade_checks.UpgradeChecks.test_policy_extra_03_scopes_ignored_body_and_pair_capacity) ... ok
test_series_extra_01_first_error_and_cancelled_anchor (reviewer_upgrade_checks.UpgradeChecks.test_series_extra_01_first_error_and_cancelled_anchor) ... ok
test_series_extra_02_new_york_calendar_gap_and_fold (reviewer_upgrade_checks.UpgradeChecks.test_series_extra_02_new_york_calendar_gap_and_fold) ... ok
test_series_extra_03_maximum_and_concurrent_original_receipt (reviewer_upgrade_checks.UpgradeChecks.test_series_extra_03_maximum_and_concurrent_original_receipt) ... ok
test_upgrade_01_populated_actual_stages1_and2 (reviewer_upgrade_checks.UpgradeChecks.test_upgrade_01_populated_actual_stages1_and2) ... ok
test_upgrade_02_stage3_snapshot_preserves_policy_history_series_receipts (reviewer_upgrade_checks.UpgradeChecks.test_upgrade_02_stage3_snapshot_preserves_policy_history_series_receipts) ... ok
test_replan_01_manager_interval_and_failed_state (reviewer_replan_checks.ReplanChecks.test_replan_01_manager_interval_and_failed_state) ... ok
test_replan_02_exhaustive_objective_fixed_and_accepted_capacities (reviewer_replan_checks.ReplanChecks.test_replan_02_exhaustive_objective_fixed_and_accepted_capacities) ... ok
test_replan_03_six_considered_and_declared_pairs (reviewer_replan_checks.ReplanChecks.test_replan_03_six_considered_and_declared_pairs) ... ok
test_replan_04_apply_history_terms_and_closure_occupancy (reviewer_replan_checks.ReplanChecks.test_replan_04_apply_history_terms_and_closure_occupancy) ... ok
test_replan_05_stale_and_cross_restaurant_revision (reviewer_replan_checks.ReplanChecks.test_replan_05_stale_and_cross_restaurant_revision) ... ok
test_replan_06_revision_once_per_real_operation (reviewer_replan_checks.ReplanChecks.test_replan_06_revision_once_per_real_operation) ... ok
test_replan_07_concurrent_apply_and_atomic_export (reviewer_replan_checks.ReplanChecks.test_replan_07_concurrent_apply_and_atomic_export) ... ok
test_replan_08_past_cutoff_operator_and_prior_closure (reviewer_replan_checks.ReplanChecks.test_replan_08_past_cutoff_operator_and_prior_closure) ... ok
test_replan_09_competing_applications_and_atomic_reads (reviewer_replan_checks.ReplanChecks.test_replan_09_competing_applications_and_atomic_reads) ... ok
test_replan_10_half_open_closure_failed_key_and_original_apply_receipt (reviewer_replan_checks.ReplanChecks.test_replan_10_half_open_closure_failed_key_and_original_apply_receipt) ... ok
test_amend_01_validation_auth_and_stale_precedence (reviewer_series_amend_checks.SeriesAmendChecks.test_amend_01_validation_auth_and_stale_precedence) ... ok
test_amend_02_skip_exceptions_cancelled_and_original_dates (reviewer_series_amend_checks.SeriesAmendChecks.test_amend_02_skip_exceptions_cancelled_and_original_dates) ... ok
test_amend_03_noop_and_empty_sets_preserve_revisions (reviewer_series_amend_checks.SeriesAmendChecks.test_amend_03_noop_and_empty_sets_preserve_revisions) ... ok
test_amend_04_nonoccupancy_precedes_occupancy_and_atomicity (reviewer_series_amend_checks.SeriesAmendChecks.test_amend_04_nonoccupancy_precedes_occupancy_and_atomicity) ... ok
test_amend_05_concurrent_expected_revision (reviewer_series_amend_checks.SeriesAmendChecks.test_amend_05_concurrent_expected_revision) ... ok
test_amend_06_plan_moves_preserve_exceptions_and_aggregate_once (reviewer_series_amend_checks.SeriesAmendChecks.test_amend_06_plan_moves_preserve_exceptions_and_aggregate_once) ... ok
test_amend_07_calendar_gap_rolls_back_all_occurrences (reviewer_series_amend_checks.SeriesAmendChecks.test_amend_07_calendar_gap_rolls_back_all_occurrences) ... ok
test_final_upgrade_01_actual_stage3_series_and_all_receipts (reviewer_final_upgrade_checks.FinalUpgradeChecks.test_final_upgrade_01_actual_stage3_series_and_all_receipts) ... ok
test_final_upgrade_02_stages1_and2_imported_anchor_uses_new_operations (reviewer_final_upgrade_checks.FinalUpgradeChecks.test_final_upgrade_02_stages1_and2_imported_anchor_uses_new_operations) ... ok
test_final_upgrade_03_unapplied_plan_survives_snapshot_replacement (reviewer_final_upgrade_checks.FinalUpgradeChecks.test_final_upgrade_03_unapplied_plan_survives_snapshot_replacement) ... ok

----------------------------------------------------------------------
Ran 75 tests in 31.379s

OK
{"errors": 0, "failures": 0, "groups_run": 75, "http_requests": 2585, "normal_max_seconds": 3.4897386680000295, "observed_5xx": 0, "test_control_max_seconds": 0.19550320900003726}
